// Jest Snapshot v1, https://goo.gl/fbAQLP

exports[`ProductsList.vue should match snapshot 1`] = `
<div>
  <section class="container"><a class="btn" style="display: none;">Previous page</a>
    1
    <a class="btn">Next page</a></section>
  <div></div>
  <section>
    <ul class="product-list">
      <product-list-item-stub product="[object Object]" index="0"></product-list-item-stub>
      <product-list-item-stub product="[object Object]" index="1"></product-list-item-stub>
      <product-list-item-stub product="[object Object]" index="2"></product-list-item-stub>
      <product-list-item-stub product="[object Object]" index="3"></product-list-item-stub>
    </ul>
  </section>
  <!---->
</div>
`;
